# Hospital Map File
VERSION=1.0
MAP_WIDTH=100
MAP_HEIGHT=100

# Player Positions
PLAYER1=8,14
PLAYER2=7,7

# Thin Walls (x,y,type)
THIN_WALL=3,7,DIAGONAL_NE
THIN_WALL=3,8,DIAGONAL_NE
THIN_WALL=3,9,DIAGONAL_NE
THIN_WALL=3,6,DIAGONAL_NE
THIN_WALL=3,5,DIAGONAL_NE
THIN_WALL=3,4,DIAGONAL_NE
THIN_WALL=3,3,CORNER_NORTH
THIN_WALL=4,3,DIAGONAL_NW
THIN_WALL=5,3,DIAGONAL_NW
THIN_WALL=6,3,DIAGONAL_NW
THIN_WALL=8,3,DIAGONAL_NW
THIN_WALL=2,10,DIAGONAL_NW
THIN_WALL=1,10,CORNER_NORTH
THIN_WALL=1,11,DIAGONAL_NE
THIN_WALL=1,12,DIAGONAL_NE
THIN_WALL=1,13,DIAGONAL_NE
THIN_WALL=1,14,DIAGONAL_NE
THIN_WALL=6,10,DIAGONAL_NW
THIN_WALL=7,10,DIAGONAL_NW
THIN_WALL=8,10,DIAGONAL_NW
THIN_WALL=3,10,DIAGONAL_NW
THIN_WALL=4,10,DIAGONAL_NW
THIN_WALL=5,10,DIAGONAL_NW
THIN_WALL=10,10,DIAGONAL_NW
THIN_WALL=11,10,DIAGONAL_NW
THIN_WALL=12,10,DIAGONAL_NW
THIN_WALL=13,10,DIAGONAL_NW
THIN_WALL=9,3,DIAGONAL_NW
THIN_WALL=10,3,DIAGONAL_NW
THIN_WALL=11,3,DIAGONAL_NW
THIN_WALL=12,3,DIAGONAL_NW
THIN_WALL=13,3,DIAGONAL_NW
THIN_WALL=14,3,DIAGONAL_NW
THIN_WALL=15,3,DIAGONAL_NW
THIN_WALL=16,3,DIAGONAL_NE
THIN_WALL=16,4,DIAGONAL_NE
THIN_WALL=16,5,DIAGONAL_NE
THIN_WALL=16,6,DIAGONAL_NE
THIN_WALL=16,7,DIAGONAL_NE
THIN_WALL=16,8,DIAGONAL_NE
THIN_WALL=14,10,DIAGONAL_NW
THIN_WALL=15,10,DIAGONAL_NW
THIN_WALL=16,9,DIAGONAL_NE
THIN_WALL=7,9,DIAGONAL_NE
THIN_WALL=7,7,DIAGONAL_NE
THIN_WALL=7,8,DIAGONAL_NE
THIN_WALL=7,6,DIAGONAL_NE
THIN_WALL=7,4,DIAGONAL_NE
THIN_WALL=7,3,CORNER_NORTH
THIN_WALL=16,10,DIAGONAL_NW
THIN_WALL=17,10,DIAGONAL_NW
THIN_WALL=18,10,DIAGONAL_NW
THIN_WALL=19,10,DIAGONAL_NW
THIN_WALL=16,12,DIAGONAL_NW
THIN_WALL=17,12,DIAGONAL_NW
THIN_WALL=18,12,DIAGONAL_NW
THIN_WALL=19,12,DIAGONAL_NW
THIN_WALL=20,10,DIAGONAL_NW
THIN_WALL=21,10,DIAGONAL_NW
THIN_WALL=23,10,DIAGONAL_NW
THIN_WALL=22,10,DIAGONAL_NW
THIN_WALL=20,12,DIAGONAL_NW
THIN_WALL=22,12,DIAGONAL_NW
THIN_WALL=21,12,DIAGONAL_NW
THIN_WALL=23,12,DIAGONAL_NW
THIN_WALL=1,15,DIAGONAL_NE
THIN_WALL=1,16,DIAGONAL_NE

# Floor Tiles (x,y)
FLOOR=5,7
FLOOR=4,7
FLOOR=4,8
FLOOR=5,8
FLOOR=6,8
FLOOR=5,9
FLOOR=4,9
FLOOR=4,4
FLOOR=4,5
FLOOR=4,6
FLOOR=5,5
FLOOR=5,4
FLOOR=6,6
FLOOR=6,7
FLOOR=5,6
FLOOR=6,5
FLOOR=6,4
FLOOR=8,9
FLOOR=8,7
FLOOR=8,8
FLOOR=8,6
FLOOR=8,5
FLOOR=8,4
FLOOR=3,11
FLOOR=2,11
FLOOR=2,12
FLOOR=3,12
FLOOR=3,13
FLOOR=2,13
FLOOR=2,14
FLOOR=3,14
FLOOR=4,14
FLOOR=4,13
FLOOR=4,12
FLOOR=4,11
FLOOR=5,11
FLOOR=5,12
FLOOR=5,13
FLOOR=5,14
FLOOR=9,10
FLOOR=9,9
FLOOR=6,11
FLOOR=7,11
FLOOR=8,11
FLOOR=10,11
FLOOR=11,11
FLOOR=9,11
FLOOR=12,11
FLOOR=13,11
FLOOR=10,9
FLOOR=11,9
FLOOR=13,9
FLOOR=12,9
FLOOR=12,8
FLOOR=11,8
FLOOR=10,8
FLOOR=9,8
FLOOR=9,7
FLOOR=13,8
FLOOR=13,7
FLOOR=11,7
FLOOR=10,7
FLOOR=12,7
FLOOR=9,6
FLOOR=9,5
FLOOR=9,4
FLOOR=10,5
FLOOR=10,6
FLOOR=11,6
FLOOR=11,5
FLOOR=10,4
FLOOR=11,4
FLOOR=12,4
FLOOR=12,5
FLOOR=12,6
FLOOR=13,5
FLOOR=13,6
FLOOR=13,4
FLOOR=14,6
FLOOR=14,5
FLOOR=14,4
FLOOR=15,4
FLOOR=15,5
FLOOR=15,7
FLOOR=15,6
FLOOR=15,8
FLOOR=14,8
FLOOR=14,7
FLOOR=15,9
FLOOR=14,9
FLOOR=6,12
FLOOR=7,12
FLOOR=8,12
FLOOR=9,12
FLOOR=10,12
FLOOR=12,12
FLOOR=13,12
FLOOR=11,12
FLOOR=11,13
FLOOR=12,13
FLOOR=13,13
FLOOR=10,13
FLOOR=9,13
FLOOR=6,13
FLOOR=7,13
FLOOR=8,13
FLOOR=8,14
FLOOR=6,14
FLOOR=9,14
FLOOR=7,14
FLOOR=10,14
FLOOR=11,14
FLOOR=12,14
FLOOR=13,14
FLOOR=14,11
FLOOR=15,11
FLOOR=15,12
FLOOR=14,12
FLOOR=14,13
FLOOR=15,13
FLOOR=14,14
FLOOR=15,14
FLOOR=6,9
FLOOR=7,5
FLOOR=19,11
FLOOR=16,11
FLOOR=17,11
FLOOR=18,11
FLOOR=20,11
FLOOR=21,11
FLOOR=22,11
FLOOR=23,11
FLOOR=16,13
FLOOR=16,14

# Beds (x,y)
# Wheelchairs (x,y)
WHEELCHAIR=5,12
