# Hospital Map File
VERSION=1.0
MAP_WIDTH=100
MAP_HEIGHT=100

# Camera and Zoom Settings
CAMERA_X=-39.004319999999964
CAMERA_Y=83.029908
ZOOM_LEVEL=9.0
CAMERA_LERP=true

# Player Positions
PLAYER1=8.881937000000004,18.633016999999995
PLAYER2=7.0,7.0

# Thin Walls (x,y,type)
THIN_WALL=3,7,DIAGONAL_NE
THIN_WALL=3,8,DIAGONAL_NE
THIN_WALL=3,9,DIAGONAL_NE
THIN_WALL=3,6,DIAGONAL_NE
THIN_WALL=3,5,DIAGONAL_NE
THIN_WALL=3,4,DIAGONAL_NE
THIN_WALL=3,3,CORNER_NORTH
THIN_WALL=4,3,DIAGONAL_NW
THIN_WALL=5,3,DIAGONAL_NW
THIN_WALL=6,3,DIAGONAL_NW
THIN_WALL=8,3,DIAGONAL_NW
THIN_WALL=2,10,DIAGONAL_NW
THIN_WALL=1,10,CORNER_NORTH
THIN_WALL=1,11,DIAGONAL_NE
THIN_WALL=1,12,DIAGONAL_NE
THIN_WALL=1,13,DIAGONAL_NE
THIN_WALL=1,14,DIAGONAL_NE
THIN_WALL=6,10,DIAGONAL_NW
THIN_WALL=7,10,DIAGONAL_NW
THIN_WALL=8,10,DIAGONAL_NW
THIN_WALL=3,10,DIAGONAL_NW
THIN_WALL=4,10,DIAGONAL_NW
THIN_WALL=5,10,DIAGONAL_NW
THIN_WALL=10,10,DIAGONAL_NW
THIN_WALL=11,10,DIAGONAL_NW
THIN_WALL=12,10,DIAGONAL_NW
THIN_WALL=13,10,DIAGONAL_NW
THIN_WALL=9,3,DIAGONAL_NW
THIN_WALL=10,3,DIAGONAL_NW
THIN_WALL=11,3,DIAGONAL_NW
THIN_WALL=12,3,DIAGONAL_NW
THIN_WALL=13,3,DIAGONAL_NW
THIN_WALL=14,3,DIAGONAL_NW
THIN_WALL=15,3,DIAGONAL_NW
THIN_WALL=16,3,DIAGONAL_NE
THIN_WALL=16,4,DIAGONAL_NE
THIN_WALL=16,5,DIAGONAL_NE
THIN_WALL=16,6,DIAGONAL_NE
THIN_WALL=16,7,DIAGONAL_NE
THIN_WALL=16,8,DIAGONAL_NE
THIN_WALL=14,10,DIAGONAL_NW
THIN_WALL=15,10,DIAGONAL_NW
THIN_WALL=16,9,DIAGONAL_NE
THIN_WALL=7,9,DIAGONAL_NE
THIN_WALL=7,7,DIAGONAL_NE
THIN_WALL=7,8,DIAGONAL_NE
THIN_WALL=7,6,DIAGONAL_NE
THIN_WALL=7,4,DIAGONAL_NE
THIN_WALL=7,3,CORNER_NORTH
THIN_WALL=16,10,DIAGONAL_NW
THIN_WALL=17,10,DIAGONAL_NW
THIN_WALL=18,10,DIAGONAL_NW
THIN_WALL=19,10,DIAGONAL_NW
THIN_WALL=16,12,DIAGONAL_NW
THIN_WALL=17,12,DIAGONAL_NW
THIN_WALL=18,12,DIAGONAL_NW
THIN_WALL=19,12,DIAGONAL_NW
THIN_WALL=20,10,DIAGONAL_NW
THIN_WALL=21,10,DIAGONAL_NW
THIN_WALL=23,10,DIAGONAL_NW
THIN_WALL=22,10,DIAGONAL_NW
THIN_WALL=20,12,DIAGONAL_NW
THIN_WALL=22,12,DIAGONAL_NW
THIN_WALL=21,12,DIAGONAL_NW
THIN_WALL=23,12,DIAGONAL_NW
THIN_WALL=1,15,DIAGONAL_NE
THIN_WALL=1,16,DIAGONAL_NE
THIN_WALL=1,17,DIAGONAL_NE
THIN_WALL=1,18,DIAGONAL_NE

# Floor Tiles (x,y,type)
FLOOR=5,7,REGULAR
FLOOR=4,7,REGULAR
FLOOR=4,8,REGULAR
FLOOR=5,8,REGULAR
FLOOR=6,8,REGULAR
FLOOR=5,9,REGULAR
FLOOR=4,9,REGULAR
FLOOR=4,4,REGULAR
FLOOR=4,5,REGULAR
FLOOR=4,6,REGULAR
FLOOR=5,5,REGULAR
FLOOR=5,4,REGULAR
FLOOR=6,6,REGULAR
FLOOR=6,7,REGULAR
FLOOR=5,6,REGULAR
FLOOR=6,5,REGULAR
FLOOR=6,4,REGULAR
FLOOR=8,9,REGULAR
FLOOR=8,7,REGULAR
FLOOR=8,8,REGULAR
FLOOR=8,6,REGULAR
FLOOR=8,5,REGULAR
FLOOR=8,4,REGULAR
FLOOR=3,11,REGULAR
FLOOR=2,11,REGULAR
FLOOR=2,12,REGULAR
FLOOR=3,12,REGULAR
FLOOR=3,13,REGULAR
FLOOR=2,13,REGULAR
FLOOR=2,14,REGULAR
FLOOR=3,14,REGULAR
FLOOR=4,14,REGULAR
FLOOR=4,13,REGULAR
FLOOR=4,12,REGULAR
FLOOR=4,11,REGULAR
FLOOR=5,11,REGULAR
FLOOR=5,12,REGULAR
FLOOR=5,13,REGULAR
FLOOR=5,14,REGULAR
FLOOR=9,10,REGULAR
FLOOR=9,9,REGULAR
FLOOR=6,11,REGULAR
FLOOR=7,11,REGULAR
FLOOR=8,11,REGULAR
FLOOR=10,11,REGULAR
FLOOR=11,11,REGULAR
FLOOR=9,11,REGULAR
FLOOR=12,11,REGULAR
FLOOR=13,11,REGULAR
FLOOR=10,9,REGULAR
FLOOR=11,9,REGULAR
FLOOR=13,9,REGULAR
FLOOR=12,9,REGULAR
FLOOR=12,8,REGULAR
FLOOR=11,8,REGULAR
FLOOR=10,8,REGULAR
FLOOR=9,8,REGULAR
FLOOR=9,7,REGULAR
FLOOR=13,8,REGULAR
FLOOR=13,7,REGULAR
FLOOR=11,7,REGULAR
FLOOR=10,7,REGULAR
FLOOR=12,7,REGULAR
FLOOR=9,6,REGULAR
FLOOR=9,5,REGULAR
FLOOR=9,4,REGULAR
FLOOR=10,5,REGULAR
FLOOR=10,6,REGULAR
FLOOR=11,6,REGULAR
FLOOR=11,5,REGULAR
FLOOR=10,4,REGULAR
FLOOR=11,4,REGULAR
FLOOR=12,4,REGULAR
FLOOR=12,5,REGULAR
FLOOR=12,6,REGULAR
FLOOR=13,5,REGULAR
FLOOR=13,6,REGULAR
FLOOR=13,4,REGULAR
FLOOR=14,6,REGULAR
FLOOR=14,5,REGULAR
FLOOR=14,4,REGULAR
FLOOR=15,4,REGULAR
FLOOR=15,5,REGULAR
FLOOR=15,7,REGULAR
FLOOR=15,6,REGULAR
FLOOR=15,8,REGULAR
FLOOR=14,8,REGULAR
FLOOR=14,7,REGULAR
FLOOR=15,9,REGULAR
FLOOR=14,9,REGULAR
FLOOR=6,12,REGULAR
FLOOR=7,12,REGULAR
FLOOR=8,12,REGULAR
FLOOR=9,12,REGULAR
FLOOR=10,12,REGULAR
FLOOR=12,12,REGULAR
FLOOR=13,12,REGULAR
FLOOR=11,12,REGULAR
FLOOR=11,13,REGULAR
FLOOR=12,13,REGULAR
FLOOR=13,13,REGULAR
FLOOR=10,13,REGULAR
FLOOR=9,13,REGULAR
FLOOR=6,13,REGULAR
FLOOR=7,13,REGULAR
FLOOR=8,13,REGULAR
FLOOR=8,14,REGULAR
FLOOR=6,14,REGULAR
FLOOR=9,14,REGULAR
FLOOR=7,14,REGULAR
FLOOR=10,14,REGULAR
FLOOR=11,14,REGULAR
FLOOR=12,14,REGULAR
FLOOR=13,14,REGULAR
FLOOR=14,11,REGULAR
FLOOR=15,11,REGULAR
FLOOR=15,12,REGULAR
FLOOR=14,12,REGULAR
FLOOR=14,13,REGULAR
FLOOR=15,13,REGULAR
FLOOR=14,14,REGULAR
FLOOR=15,14,REGULAR
FLOOR=6,9,REGULAR
FLOOR=7,5,REGULAR
FLOOR=19,11,REGULAR
FLOOR=16,11,REGULAR
FLOOR=17,11,REGULAR
FLOOR=18,11,REGULAR
FLOOR=20,11,REGULAR
FLOOR=21,11,REGULAR
FLOOR=22,11,REGULAR
FLOOR=23,11,REGULAR
FLOOR=16,13,REGULAR
FLOOR=16,14,REGULAR
FLOOR=3,9,WALL_NE_SW
FLOOR=3,8,WALL_NE_SW
FLOOR=3,7,WALL_NE_SW
FLOOR=3,6,WALL_NE_SW
FLOOR=3,5,WALL_NE_SW
FLOOR=3,4,WALL_NE_SW
FLOOR=16,9,WALL_NE_SW
FLOOR=16,8,WALL_NE_SW
FLOOR=16,7,WALL_NE_SW
FLOOR=16,6,WALL_NE_SW
FLOOR=16,5,WALL_NE_SW
FLOOR=16,4,WALL_NE_SW
FLOOR=16,3,WALL_NE_SW
FLOOR=1,16,WALL_NE_SW
FLOOR=1,15,WALL_NE_SW
FLOOR=1,14,WALL_NE_SW
FLOOR=1,13,WALL_NE_SW
FLOOR=1,12,WALL_NE_SW
FLOOR=1,11,WALL_NE_SW
FLOOR=7,9,WALL_NE_SW
FLOOR=7,8,WALL_NE_SW
FLOOR=7,7,WALL_NE_SW
FLOOR=7,6,WALL_NE_SW
FLOOR=7,4,WALL_NE_SW
FLOOR=4,3,WALL_NW_SE
FLOOR=5,3,WALL_NW_SE
FLOOR=6,3,WALL_NW_SE
FLOOR=8,3,WALL_NW_SE
FLOOR=9,3,WALL_NW_SE
FLOOR=10,3,WALL_NW_SE
FLOOR=11,3,WALL_NW_SE
FLOOR=12,3,WALL_NW_SE
FLOOR=13,3,WALL_NW_SE
FLOOR=14,3,WALL_NW_SE
FLOOR=15,3,WALL_NW_SE
FLOOR=8,10,WALL_NW_SE
FLOOR=7,10,WALL_NW_SE
FLOOR=6,10,WALL_NW_SE
FLOOR=5,10,WALL_NW_SE
FLOOR=4,10,WALL_NW_SE
FLOOR=3,10,WALL_NW_SE
FLOOR=2,10,WALL_NW_SE
FLOOR=11,10,WALL_NW_SE
FLOOR=10,10,WALL_NW_SE
FLOOR=12,10,WALL_NW_SE
FLOOR=13,10,WALL_NW_SE
FLOOR=14,10,WALL_NW_SE
FLOOR=15,10,WALL_NW_SE
FLOOR=16,10,WALL_NW_SE
FLOOR=17,10,WALL_NW_SE
FLOOR=18,10,WALL_NW_SE
FLOOR=19,10,WALL_NW_SE
FLOOR=20,10,WALL_NW_SE
FLOOR=21,10,WALL_NW_SE
FLOOR=22,10,WALL_NW_SE
FLOOR=23,10,WALL_NW_SE
FLOOR=16,12,WALL_NW_SE
FLOOR=7,3,WALL_CORNER_NORTH
FLOOR=3,3,WALL_CORNER_NORTH
FLOOR=1,10,WALL_CORNER_NORTH
FLOOR=1,17,WALL_NE_SW
FLOOR=1,18,WALL_NE_SW
FLOOR=2,15,REGULAR
FLOOR=2,16,REGULAR
FLOOR=3,15,REGULAR
FLOOR=4,15,REGULAR
FLOOR=6,15,REGULAR
FLOOR=5,15,REGULAR
FLOOR=8,15,REGULAR
FLOOR=9,15,REGULAR
FLOOR=7,15,REGULAR
FLOOR=10,15,REGULAR
FLOOR=12,15,REGULAR
FLOOR=11,15,REGULAR
FLOOR=13,15,REGULAR
FLOOR=15,15,REGULAR
FLOOR=16,15,REGULAR
FLOOR=14,15,REGULAR
FLOOR=3,16,REGULAR
FLOOR=4,16,REGULAR
FLOOR=5,16,REGULAR
FLOOR=6,16,REGULAR
FLOOR=7,16,REGULAR
FLOOR=8,16,REGULAR
FLOOR=9,16,REGULAR
FLOOR=10,16,REGULAR
FLOOR=11,16,REGULAR
FLOOR=12,16,REGULAR
FLOOR=13,16,REGULAR
FLOOR=14,16,REGULAR
FLOOR=15,16,REGULAR
FLOOR=16,16,REGULAR
FLOOR=4,17,REGULAR
FLOOR=5,17,REGULAR
FLOOR=6,17,REGULAR
FLOOR=7,17,REGULAR
FLOOR=8,17,REGULAR
FLOOR=10,17,REGULAR
FLOOR=9,17,REGULAR
FLOOR=12,17,REGULAR
FLOOR=11,17,REGULAR
FLOOR=13,17,REGULAR
FLOOR=14,17,REGULAR
FLOOR=17,17,REGULAR
FLOOR=16,17,REGULAR
FLOOR=15,17,REGULAR
FLOOR=17,16,REGULAR
FLOOR=17,15,REGULAR
FLOOR=17,14,REGULAR
FLOOR=17,12,REGULAR
FLOOR=17,13,REGULAR
FLOOR=2,18,REGULAR
FLOOR=3,17,REGULAR
FLOOR=2,17,REGULAR

# Beds (x,y)

# Wheelchairs (x,y,direction)
WHEELCHAIR=10,14,1

# Drawers (x,y)
DRAWER=8,17
DRAWER=9,17
DRAWER=10,17
DRAWER=7,17
DRAWER=7,16
DRAWER=7,15
DRAWER=7,14
DRAWER=7,13
DRAWER=8,13
DRAWER=9,13
DRAWER=10,13
